---
source: tests/cli.rs
info:
  program: add-nums.my.out
  args: []
input_file: tests/input/bin_ops/add-nums.my
---
success: true
exit_code: 0
----- stdout -----
6

----- stderr -----
