---
source: src/parser.rs
expression: parser.parse().unwrap()
---
Literal:
  value:
    Bool: true
