---
source: src/ast_printer.rs
expression: AstPrinter.print(&parser.parse().unwrap())
---
Ok: nil
